// Jest Snapshot v1, https://goo.gl/fbAQLP

exports[`App renders components correctly renders correctly 1`] = `
ShallowWrapper {
  "length": 1,
  Symbol(enzyme.__root__): [Circular],
  Symbol(enzyme.__unrendered__): <App />,
  Symbol(enzyme.__renderer__): Object {
    "batchedUpdates": [Function],
    "getNode": [Function],
    "render": [Function],
    "simulateEvent": [Function],
    "unmount": [Function],
  },
  Symbol(enzyme.__node__): Object {
    "instance": null,
    "key": undefined,
    "nodeType": "host",
    "props": Object {
      "children": Array [
        <h1>
           A B C  News 
</h1>,
        <div
          className="input"
>
          <input
                    className="form-control"
                    id="input-field"
                    name="input"
                    placeholder="What news are you looking for.."
                    type="text"
          />
</div>,
      ],
      "className": "news",
    },
    "ref": null,
    "rendered": Array [
      Object {
        "instance": null,
        "key": undefined,
        "nodeType": "host",
        "props": Object {
          "children": " A B C  News ",
        },
        "ref": null,
        "rendered": " A B C  News ",
        "type": "h1",
      },
      Object {
        "instance": null,
        "key": undefined,
        "nodeType": "host",
        "props": Object {
          "children": <input
            className="form-control"
            id="input-field"
            name="input"
            placeholder="What news are you looking for.."
            type="text"
/>,
          "className": "input",
        },
        "ref": null,
        "rendered": Object {
          "instance": null,
          "key": undefined,
          "nodeType": "host",
          "props": Object {
            "className": "form-control",
            "id": "input-field",
            "name": "input",
            "placeholder": "What news are you looking for..",
            "type": "text",
          },
          "ref": null,
          "rendered": null,
          "type": "input",
        },
        "type": "div",
      },
    ],
    "type": "div",
  },
  Symbol(enzyme.__nodes__): Array [
    Object {
      "instance": null,
      "key": undefined,
      "nodeType": "host",
      "props": Object {
        "children": Array [
          <h1>
             A B C  News 
</h1>,
          <div
            className="input"
>
            <input
                        className="form-control"
                        id="input-field"
                        name="input"
                        placeholder="What news are you looking for.."
                        type="text"
            />
</div>,
        ],
        "className": "news",
      },
      "ref": null,
      "rendered": Array [
        Object {
          "instance": null,
          "key": undefined,
          "nodeType": "host",
          "props": Object {
            "children": " A B C  News ",
          },
          "ref": null,
          "rendered": " A B C  News ",
          "type": "h1",
        },
        Object {
          "instance": null,
          "key": undefined,
          "nodeType": "host",
          "props": Object {
            "children": <input
              className="form-control"
              id="input-field"
              name="input"
              placeholder="What news are you looking for.."
              type="text"
/>,
            "className": "input",
          },
          "ref": null,
          "rendered": Object {
            "instance": null,
            "key": undefined,
            "nodeType": "host",
            "props": Object {
              "className": "form-control",
              "id": "input-field",
              "name": "input",
              "placeholder": "What news are you looking for..",
              "type": "text",
            },
            "ref": null,
            "rendered": null,
            "type": "input",
          },
          "type": "div",
        },
      ],
      "type": "div",
    },
  ],
  Symbol(enzyme.__options__): Object {
    "adapter": ReactSixteenAdapter {
      "options": Object {
        "enableComponentDidUpdateOnSetState": true,
      },
    },
    "disableLifecycleMethods": true,
  },
}
`;
